// Jest Snapshot v1, https://goo.gl/fbAQLP

exports[`models/Article renders cleanly 1`] = `
"
        <h1>New!</h1>
        <a href=\\"/page/a\\">A</a>
        <a href=\\"/page/missing-link\\" class=\\"missing\\">Missing!</a>
        <include from=\\"b\\" sections=\\"*\\" class=\\"noedit\\">
  
</include>
        <include from=\\"missing-include\\" sections=\\"*\\" class=\\"noedit\\">
<div class=\\"warning\\">Included Article 'missing-include' does not exist</div>
</include>
      "
`;
